╔═══════════════════════════════════════════════════════════════════════════════╗
║ WARNING: It looks like you are running 'npx playwright install' without first ║
║ installing your project's dependencies.                                       ║
║                                                                               ║
║ To avoid unexpected behavior, please install your dependencies first, and     ║
║ then run Playwright's install command:                                        ║
║                                                                               ║
║     npm install                                                               ║
║     npx playwright install                                                    ║
║                                                                               ║
║ If your project does not yet depend on Playwright, first install the          ║
║ applicable npm package (most commonly @playwright/test), and                  ║
║ then run Playwright's install command to download the browsers:               ║
║                                                                               ║
║     npm install @playwright/test                                              ║
║     npx playwright install                                                    ║
║                                                                               ║
╚═══════════════════════════════════════════════════════════════════════════════╝
Error: Request to https://cdn.npmmirror.com/binaries/playwright/builds/cft/153.0.8010.12/win64/chrome-win64.zip timed out after 180000ms
    at ClientRequest.<anonymous> (C:\Users\Mohamad\AppData\Local\npm-cache\_npx\705bc6b22212b352\node_modules\playwright-core\lib\coreBundle.js:8793:15)
    at Object.onceWrapper (node:events:622:28)
    at ClientRequest.emit (node:events:508:28)
    at TLSSocket.emitRequestTimeout (node:_http_client:927:9)
    at Object.onceWrapper (node:events:622:28)
    at TLSSocket.emit (node:events:520:35)
    at Socket._onTimeout (node:net:604:8)
    at listOnTimeout (node:internal/timers:605:17)
    at process.processTimers (node:internal/timers:541:7)
Error: Request to https://cdn.npmmirror.com/binaries/playwright/builds/cft/153.0.8010.12/win64/chrome-win64.zip timed out after 180000ms
    at ClientRequest.<anonymous> (C:\Users\Mohamad\AppData\Local\npm-cache\_npx\705bc6b22212b352\node_modules\playwright-core\lib\coreBundle.js:8793:15)
    at Object.onceWrapper (node:events:622:28)
    at ClientRequest.emit (node:events:508:28)
    at TLSSocket.emitRequestTimeout (node:_http_client:927:9)
    at Object.onceWrapper (node:events:622:28)
    at TLSSocket.emit (node:events:520:35)
    at Socket._onTimeout (node:net:604:8)
    at listOnTimeout (node:internal/timers:605:17)
    at process.processTimers (node:internal/timers:541:7)
Error: Request to https://cdn.npmmirror.com/binaries/playwright/builds/cft/153.0.8010.12/win64/chrome-win64.zip timed out after 180000ms
    at ClientRequest.<anonymous> (C:\Users\Mohamad\AppData\Local\npm-cache\_npx\705bc6b22212b352\node_modules\playwright-core\lib\coreBundle.js:8793:15)
    at Object.onceWrapper (node:events:622:28)
    at ClientRequest.emit (node:events:508:28)
    at TLSSocket.emitRequestTimeout (node:_http_client:927:9)
    at Object.onceWrapper (node:events:622:28)
    at TLSSocket.emit (node:events:520:35)
    at Socket._onTimeout (node:net:604:8)
    at listOnTimeout (node:internal/timers:605:17)
    at process.processTimers (node:internal/timers:541:7)
Error: Request to https://cdn.npmmirror.com/binaries/playwright/builds/cft/153.0.8010.12/win64/chrome-win64.zip timed out after 180000ms
    at ClientRequest.<anonymous> (C:\Users\Mohamad\AppData\Local\npm-cache\_npx\705bc6b22212b352\node_modules\playwright-core\lib\coreBundle.js:8793:15)
    at Object.onceWrapper (node:events:622:28)
    at ClientRequest.emit (node:events:508:28)
    at TLSSocket.emitRequestTimeout (node:_http_client:927:9)
    at Object.onceWrapper (node:events:622:28)
    at TLSSocket.emit (node:events:520:35)
    at Socket._onTimeout (node:net:604:8)
    at listOnTimeout (node:internal/timers:605:17)
    at process.processTimers (node:internal/timers:541:7)
Error: Request to https://cdn.npmmirror.com/binaries/playwright/builds/cft/153.0.8010.12/win64/chrome-win64.zip timed out after 180000ms
    at ClientRequest.<anonymous> (C:\Users\Mohamad\AppData\Local\npm-cache\_npx\705bc6b22212b352\node_modules\playwright-core\lib\coreBundle.js:8793:15)
    at Object.onceWrapper (node:events:622:28)
    at ClientRequest.emit (node:events:508:28)
    at TLSSocket.emitRequestTimeout (node:_http_client:927:9)
    at Object.onceWrapper (node:events:622:28)
    at TLSSocket.emit (node:events:520:35)
    at Socket._onTimeout (node:net:604:8)
    at listOnTimeout (node:internal/timers:605:17)
    at process.processTimers (node:internal/timers:541:7)
